[2m10:54:24[22m [34m[content][39m Syncing content
[2m10:54:24[22m [34m[content][39m Synced content
[2m10:54:24[22m [34m[types][39m Generated [2m555ms[22m
[2m10:54:24[22m [34m[check][39m Getting diagnostics for Astro files in C:\xampp\htdocs\lumea-app...
[96msrc/content.config.ts[0m:[93m11[0m:[93m10[0m - [93mwarning[0m[90m ts(6385): [0m'z' is deprecated.

[7m11[0m   image: z.string().optional(),
[7m  [0m [93m         ~[0m
[96msrc/content.config.ts[0m:[93m10[0m:[93m16[0m - [93mwarning[0m[90m ts(6385): [0m'z' is deprecated.

[7m10[0m   publishDate: z.date().optional(),
[7m  [0m [93m               ~[0m
[96msrc/content.config.ts[0m:[93m9[0m:[93m11[0m - [93mwarning[0m[90m ts(6385): [0m'z' is deprecated.

[7m9[0m   toolId: z.string(), // Matches the tool page name
[7m [0m [93m          ~[0m
[96msrc/content.config.ts[0m:[93m8[0m:[93m13[0m - [93mwarning[0m[90m ts(6385): [0m'z' is deprecated.

[7m8[0m   category: z.string(),
[7m [0m [93m            ~[0m
[96msrc/content.config.ts[0m:[93m7[0m:[93m16[0m - [93mwarning[0m[90m ts(6385): [0m'z' is deprecated.

[7m7[0m   description: z.string(),
[7m [0m [93m               ~[0m
[96msrc/content.config.ts[0m:[93m6[0m:[93m10[0m - [93mwarning[0m[90m ts(6385): [0m'z' is deprecated.

[7m6[0m   title: z.string(),
[7m [0m [93m         ~[0m
[96msrc/content.config.ts[0m:[93m5[0m:[93m10[0m - [93mwarning[0m[90m ts(6385): [0m'z' is deprecated.

[7m5[0m  schema: z.object({
[7m [0m [93m         ~[0m
[96msrc/content.config.ts[0m:[93m1[0m:[93m28[0m - [93mwarning[0m[90m ts(6385): [0m'z' is deprecated.

[7m1[0m import { defineCollection, z } from 'astro:content';
[7m [0m [93m                           ~[0m

[96msrc/components/tools/BackgroundRemover.tsx[0m:[93m13[0m:[93m9[0m - [93mwarning[0m[90m ts(6133): [0m'imageRef' is declared but its value is never read.

[7m13[0m   const imageRef = useRef<HTMLImageElement>(null);
[7m  [0m [93m        ~~~~~~~~[0m
[96msrc/components/tools/BackgroundRemover.tsx[0m:[93m4[0m:[93m28[0m - [93mwarning[0m[90m ts(6133): [0m'ImageIcon' is declared but its value is never read.

[7m4[0m import { Download, Eraser, ImageIcon, Loader2 } from 'lucide-react';
[7m [0m [93m                           ~~~~~~~~~[0m
[96msrc/components/tools/BackgroundRemover.tsx[0m:[93m1[0m:[93m35[0m - [93mwarning[0m[90m ts(6133): [0m'useEffect' is declared but its value is never read.

[7m1[0m import React, { useState, useRef, useEffect } from 'react';
[7m [0m [93m                                  ~~~~~~~~~[0m
[96msrc/components/tools/BackgroundRemover.tsx[0m:[93m1[0m:[93m8[0m - [93mwarning[0m[90m ts(6133): [0m'React' is declared but its value is never read.

[7m1[0m import React, { useState, useRef, useEffect } from 'react';
[7m [0m [93m       ~~~~~[0m

[96msrc/components/tools/FormatConverter.tsx[0m:[93m3[0m:[93m10[0m - [93mwarning[0m[90m ts(6133): [0m'Download' is declared but its value is never read.

[7m3[0m import { Download, RefreshCw, Layers } from 'lucide-react';
[7m [0m [93m         ~~~~~~~~[0m
[96msrc/components/tools/FormatConverter.tsx[0m:[93m1[0m:[93m8[0m - [93mwarning[0m[90m ts(6133): [0m'React' is declared but its value is never read.

[7m1[0m import React, { useState, useRef } from 'react';
[7m [0m [93m       ~~~~~[0m

[96msrc/components/tools/ImageCompressor.tsx[0m:[93m4[0m:[93m39[0m - [93mwarning[0m[90m ts(6133): [0m'CheckCircle2' is declared but its value is never read.

[7m4[0m import { Download, Shrink, FileImage, CheckCircle2, Loader2, X } from 'lucide-react';
[7m [0m [93m                                      ~~~~~~~~~~~~[0m
[96msrc/components/tools/ImageCompressor.tsx[0m:[93m1[0m:[93m8[0m - [93mwarning[0m[90m ts(6133): [0m'React' is declared but its value is never read.

[7m1[0m import React, { useState } from 'react';
[7m [0m [93m       ~~~~~[0m

[96msrc/components/tools/ImageResizer.tsx[0m:[93m3[0m:[93m10[0m - [93mwarning[0m[90m ts(6133): [0m'Download' is declared but its value is never read.

[7m3[0m import { Download, Maximize, RefreshCw, Lock, Unlock } from 'lucide-react';
[7m [0m [93m         ~~~~~~~~[0m
[96msrc/components/tools/ImageResizer.tsx[0m:[93m1[0m:[93m35[0m - [93mwarning[0m[90m ts(6133): [0m'useEffect' is declared but its value is never read.

[7m1[0m import React, { useState, useRef, useEffect } from 'react';
[7m [0m [93m                                  ~~~~~~~~~[0m
[96msrc/components/tools/ImageResizer.tsx[0m:[93m1[0m:[93m8[0m - [93mwarning[0m[90m ts(6133): [0m'React' is declared but its value is never read.

[7m1[0m import React, { useState, useRef, useEffect } from 'react';
[7m [0m [93m       ~~~~~[0m

[96msrc/components/tools/JpgToPdf.tsx[0m:[93m47[0m:[93m30[0m - [91merror[0m[90m ts(2322): [0mType 'Uint8Array<ArrayBufferLike>' is not assignable to type 'BlobPart'.
  Type 'Uint8Array<ArrayBufferLike>' is not assignable to type 'ArrayBufferView<ArrayBuffer>'.
    Types of property 'buffer' are incompatible.
      Type 'ArrayBufferLike' is not assignable to type 'ArrayBuffer'.
        Type 'SharedArrayBuffer' is missing the following properties from type 'ArrayBuffer': resizable, resize, detached, transfer, transferToFixedLength

[7m47[0m       const blob = new Blob([pdfBytes], { type: 'application/pdf' });
[7m  [0m [91m                             ~~~~~~~~[0m
[96msrc/components/tools/JpgToPdf.tsx[0m:[93m4[0m:[93m44[0m - [93mwarning[0m[90m ts(6133): [0m'GripVertical' is declared but its value is never read.

[7m4[0m import { Download, FileImage, FileText, X, GripVertical, Plus } from 'lucide-react';
[7m [0m [93m                                           ~~~~~~~~~~~~[0m
[96msrc/components/tools/JpgToPdf.tsx[0m:[93m4[0m:[93m10[0m - [93mwarning[0m[90m ts(6133): [0m'Download' is declared but its value is never read.

[7m4[0m import { Download, FileImage, FileText, X, GripVertical, Plus } from 'lucide-react';
[7m [0m [93m         ~~~~~~~~[0m
[96msrc/components/tools/JpgToPdf.tsx[0m:[93m1[0m:[93m8[0m - [93mwarning[0m[90m ts(6133): [0m'React' is declared but its value is never read.

[7m1[0m import React, { useState } from 'react';
[7m [0m [93m       ~~~~~[0m

[96msrc/components/tools/PdfMerge.tsx[0m:[93m33[0m:[93m30[0m - [91merror[0m[90m ts(2322): [0mType 'Uint8Array<ArrayBufferLike>' is not assignable to type 'BlobPart'.
  Type 'Uint8Array<ArrayBufferLike>' is not assignable to type 'ArrayBufferView<ArrayBuffer>'.
    Types of property 'buffer' are incompatible.
      Type 'ArrayBufferLike' is not assignable to type 'ArrayBuffer'.
        Type 'SharedArrayBuffer' is missing the following properties from type 'ArrayBuffer': resizable, resize, detached, transfer, transferToFixedLength

[7m33[0m       const blob = new Blob([pdfBytes], { type: 'application/pdf' });
[7m  [0m [91m                             ~~~~~~~~[0m
[96msrc/components/tools/PdfMerge.tsx[0m:[93m1[0m:[93m8[0m - [93mwarning[0m[90m ts(6133): [0m'React' is declared but its value is never read.

[7m1[0m import React, { useState } from 'react';
[7m [0m [93m       ~~~~~[0m

[96msrc/components/tools/PdfRotate.tsx[0m:[93m30[0m:[93m30[0m - [91merror[0m[90m ts(2322): [0mType 'Uint8Array<ArrayBufferLike>' is not assignable to type 'BlobPart'.
  Type 'Uint8Array<ArrayBufferLike>' is not assignable to type 'ArrayBufferView<ArrayBuffer>'.
    Types of property 'buffer' are incompatible.
      Type 'ArrayBufferLike' is not assignable to type 'ArrayBuffer'.
        Type 'SharedArrayBuffer' is missing the following properties from type 'ArrayBuffer': resizable, resize, detached, transfer, transferToFixedLength

[7m30[0m       const blob = new Blob([pdfBytes], { type: 'application/pdf' });
[7m  [0m [91m                             ~~~~~~~~[0m
[96msrc/components/tools/PdfRotate.tsx[0m:[93m1[0m:[93m8[0m - [93mwarning[0m[90m ts(6133): [0m'React' is declared but its value is never read.

[7m1[0m import React, { useState } from 'react';
[7m [0m [93m       ~~~~~[0m

[96msrc/components/tools/PdfSplit.tsx[0m:[93m54[0m:[93m30[0m - [91merror[0m[90m ts(2322): [0mType 'Uint8Array<ArrayBufferLike>' is not assignable to type 'BlobPart'.
  Type 'Uint8Array<ArrayBufferLike>' is not assignable to type 'ArrayBufferView<ArrayBuffer>'.
    Types of property 'buffer' are incompatible.
      Type 'ArrayBufferLike' is not assignable to type 'ArrayBuffer'.
        Type 'SharedArrayBuffer' is missing the following properties from type 'ArrayBuffer': resizable, resize, detached, transfer, transferToFixedLength

[7m54[0m       const blob = new Blob([pdfBytes], { type: 'application/pdf' });
[7m  [0m [91m                             ~~~~~~~~[0m
[96msrc/components/tools/PdfSplit.tsx[0m:[93m4[0m:[93m10[0m - [93mwarning[0m[90m ts(6133): [0m'Download' is declared but its value is never read.

[7m4[0m import { Download, Scissors, FileText, CheckCircle2 } from 'lucide-react';
[7m [0m [93m         ~~~~~~~~[0m
[96msrc/components/tools/PdfSplit.tsx[0m:[93m1[0m:[93m8[0m - [93mwarning[0m[90m ts(6133): [0m'React' is declared but its value is never read.

[7m1[0m import React, { useState } from 'react';
[7m [0m [93m       ~~~~~[0m

[96msrc/components/tools/PdfToJpg.tsx[0m:[93m39[0m:[93m29[0m - [91merror[0m[90m ts(2345): [0mArgument of type '{ canvasContext: CanvasRenderingContext2D; viewport: PageViewport; }' is not assignable to parameter of type 'RenderParameters'.
  Property 'canvas' is missing in type '{ canvasContext: CanvasRenderingContext2D; viewport: PageViewport; }' but required in type 'RenderParameters'.

[7m39[0m           await page.render({ canvasContext: context, viewport }).promise;
[7m  [0m [91m                            ~~~~~~~~~~~~~~~~~~~~~~~~~~~~~~~~~~~~[0m
[96msrc/components/tools/PdfToJpg.tsx[0m:[93m4[0m:[93m41[0m - [93mwarning[0m[90m ts(6133): [0m'RefreshCw' is declared but its value is never read.

[7m4[0m import { Download, FileImage, FileText, RefreshCw, Layers } from 'lucide-react';
[7m [0m [93m                                        ~~~~~~~~~[0m
[96msrc/components/tools/PdfToJpg.tsx[0m:[93m4[0m:[93m10[0m - [93mwarning[0m[90m ts(6133): [0m'Download' is declared but its value is never read.

[7m4[0m import { Download, FileImage, FileText, RefreshCw, Layers } from 'lucide-react';
[7m [0m [93m         ~~~~~~~~[0m
[96msrc/components/tools/PdfToJpg.tsx[0m:[93m1[0m:[93m27[0m - [93mwarning[0m[90m ts(6133): [0m'useRef' is declared but its value is never read.

[7m1[0m import React, { useState, useRef } from 'react';
[7m [0m [93m                          ~~~~~~[0m
[96msrc/components/tools/PdfToJpg.tsx[0m:[93m1[0m:[93m8[0m - [93mwarning[0m[90m ts(6133): [0m'React' is declared but its value is never read.

[7m1[0m import React, { useState, useRef } from 'react';
[7m [0m [93m       ~~~~~[0m

[96msrc/components/tools/PdfWatermark.tsx[0m:[93m42[0m:[93m30[0m - [91merror[0m[90m ts(2322): [0mType 'Uint8Array<ArrayBufferLike>' is not assignable to type 'BlobPart'.
  Type 'Uint8Array<ArrayBufferLike>' is not assignable to type 'ArrayBufferView<ArrayBuffer>'.
    Types of property 'buffer' are incompatible.
      Type 'ArrayBufferLike' is not assignable to type 'ArrayBuffer'.
        Type 'SharedArrayBuffer' is missing the following properties from type 'ArrayBuffer': resizable, resize, detached, transfer, transferToFixedLength

[7m42[0m       const blob = new Blob([pdfBytes], { type: 'application/pdf' });
[7m  [0m [91m                             ~~~~~~~~[0m
[96msrc/components/tools/PdfWatermark.tsx[0m:[93m4[0m:[93m43[0m - [93mwarning[0m[90m ts(6133): [0m'Shield' is declared but its value is never read.

[7m4[0m import { Download, Stamp, FileText, Type, Shield } from 'lucide-react';
[7m [0m [93m                                          ~~~~~~[0m
[96msrc/components/tools/PdfWatermark.tsx[0m:[93m4[0m:[93m27[0m - [93mwarning[0m[90m ts(6133): [0m'FileText' is declared but its value is never read.

[7m4[0m import { Download, Stamp, FileText, Type, Shield } from 'lucide-react';
[7m [0m [93m                          ~~~~~~~~[0m
[96msrc/components/tools/PdfWatermark.tsx[0m:[93m4[0m:[93m10[0m - [93mwarning[0m[90m ts(6133): [0m'Download' is declared but its value is never read.

[7m4[0m import { Download, Stamp, FileText, Type, Shield } from 'lucide-react';
[7m [0m [93m         ~~~~~~~~[0m
[96msrc/components/tools/PdfWatermark.tsx[0m:[93m1[0m:[93m8[0m - [93mwarning[0m[90m ts(6133): [0m'React' is declared but its value is never read.

[7m1[0m import React, { useState } from 'react';
[7m [0m [93m       ~~~~~[0m

[96msrc/components/tools/QrGenerator.tsx[0m:[93m110[0m:[93m18[0m - [91merror[0m[90m ts(2304): [0mCannot find name 'ShieldCheck'.

[7m110[0m                 <ShieldCheck size={14} />
[7m   [0m [91m                 ~~~~~~~~~~~[0m
[96msrc/components/tools/QrGenerator.tsx[0m:[93m2[0m:[93m20[0m - [91merror[0m[90m ts(7016): [0mCould not find a declaration file for module 'qrcode'. 'C:/xampp/htdocs/lumea-app/node_modules/qrcode/lib/index.js' implicitly has an 'any' type.
  Try `npm i --save-dev @types/qrcode` if it exists or add a new declaration (.d.ts) file containing `declare module 'qrcode';`

[7m2[0m import QRCode from 'qrcode';
[7m [0m [91m                   ~~~~~~~~[0m
[96msrc/components/tools/QrGenerator.tsx[0m:[93m10[0m:[93m9[0m - [93mwarning[0m[90m ts(6133): [0m'canvasRef' is declared but its value is never read.

[7m10[0m   const canvasRef = useRef<HTMLCanvasElement>(null);
[7m  [0m [93m        ~~~~~~~~~[0m
[96msrc/components/tools/QrGenerator.tsx[0m:[93m3[0m:[93m36[0m - [93mwarning[0m[90m ts(6133): [0m'Copy' is declared but its value is never read.

[7m3[0m import { QrCode, Download, Share2, Copy, Palette } from 'lucide-react';
[7m [0m [93m                                   ~~~~[0m
[96msrc/components/tools/QrGenerator.tsx[0m:[93m3[0m:[93m28[0m - [93mwarning[0m[90m ts(6133): [0m'Share2' is declared but its value is never read.

[7m3[0m import { QrCode, Download, Share2, Copy, Palette } from 'lucide-react';
[7m [0m [93m                           ~~~~~~[0m
[96msrc/components/tools/QrGenerator.tsx[0m:[93m1[0m:[93m8[0m - [93mwarning[0m[90m ts(6133): [0m'React' is declared but its value is never read.

[7m1[0m import React, { useState, useEffect, useRef } from 'react';
[7m [0m [93m       ~~~~~[0m

[96msrc/components/tools/Vectorizer.tsx[0m:[93m5[0m:[93m45[0m - [93mwarning[0m[90m ts(6133): [0m'Settings2' is declared but its value is never read.

[7m5[0m import { Download, Zap, ImageIcon, Palette, Settings2 } from 'lucide-react';
[7m [0m [93m                                            ~~~~~~~~~[0m
[96msrc/components/tools/Vectorizer.tsx[0m:[93m5[0m:[93m25[0m - [93mwarning[0m[90m ts(6133): [0m'ImageIcon' is declared but its value is never read.

[7m5[0m import { Download, Zap, ImageIcon, Palette, Settings2 } from 'lucide-react';
[7m [0m [93m                        ~~~~~~~~~[0m
[96msrc/components/tools/Vectorizer.tsx[0m:[93m1[0m:[93m27[0m - [93mwarning[0m[90m ts(6133): [0m'useRef' is declared but its value is never read.

[7m1[0m import React, { useState, useRef } from 'react';
[7m [0m [93m                          ~~~~~~[0m
[96msrc/components/tools/Vectorizer.tsx[0m:[93m1[0m:[93m8[0m - [93mwarning[0m[90m ts(6133): [0m'React' is declared but its value is never read.

[7m1[0m import React, { useState, useRef } from 'react';
[7m [0m [93m       ~~~~~[0m

[96msrc/components/ui/CommandPalette.astro[0m:[93m32[0m:[93m13[0m - [91merror[0m[90m ts(2322): [0mType '{ class: string; }' is not assignable to type 'IntrinsicAttributes & Omit<LucideProps, "ref"> & RefAttributes<SVGSVGElement>'.
  Property 'class' does not exist on type 'IntrinsicAttributes & Omit<LucideProps, "ref"> & RefAttributes<SVGSVGElement>'. Did you mean 'className'?

[7m32[0m     <Search class="mx-auto h-10 w-10 text-zinc-300" />
[7m  [0m [91m            ~~~~~[0m
[96msrc/components/ui/CommandPalette.astro[0m:[93m15[0m:[93m12[0m - [91merror[0m[90m ts(2322): [0mType '{ class: string; }' is not assignable to type 'IntrinsicAttributes & Omit<LucideProps, "ref"> & RefAttributes<SVGSVGElement>'.
  Property 'class' does not exist on type 'IntrinsicAttributes & Omit<LucideProps, "ref"> & RefAttributes<SVGSVGElement>'. Did you mean 'className'?

[7m15[0m    <Search class="pointer-events-none absolute left-4 top-4 h-6 w-6 text-zinc-400" />
[7m  [0m [91m           ~~~~~[0m
[96msrc/components/ui/CommandPalette.astro[0m:[93m2[0m:[93m37[0m - [93mwarning[0m[90m ts(6133): [0m'Command' is declared but its value is never read.

[7m2[0m import { Search, X, CornerDownLeft, Command } from 'lucide-react';
[7m [0m [93m                                    ~~~~~~~[0m
[96msrc/components/ui/CommandPalette.astro[0m:[93m165[0m:[93m17[0m - [91merror[0m[90m ts(7005): [0mVariable 'filteredTools' implicitly has an 'any[]' type.

[7m165[0m    const tool = filteredTools[selectedIndex];
[7m   [0m [91m                ~~~~~~~~~~~~~[0m
[96msrc/components/ui/CommandPalette.astro[0m:[93m112[0m:[93m19[0m - [91merror[0m[90m ts(7005): [0mVariable 'filteredTools' implicitly has an 'any[]' type.

[7m112[0m      const tool = filteredTools[index];
[7m   [0m [91m                  ~~~~~~~~~~~~~[0m
[96msrc/components/ui/CommandPalette.astro[0m:[93m55[0m:[93m6[0m - [91merror[0m[90m ts(7034): [0mVariable 'filteredTools' implicitly has type 'any[]' in some locations where its type cannot be determined.

[7m55[0m  let filteredTools = [];
[7m  [0m [91m     ~~~~~~~~~~~~~[0m
[96msrc/components/ui/CommandPalette.astro[0m:[93m110[0m:[93m37[0m - [93mwarning[0m[90m ts(6133): [0m'e' is declared but its value is never read.

[7m110[0m     link.addEventListener('click', (e) => {
[7m   [0m [93m                                    ~[0m

[96msrc/components/ui/Dropzone.tsx[0m:[93m52[0m:[93m15[0m - [91merror[0m[90m ts(2322): [0mType '{ children: string; class: string; }' is not assignable to type 'DetailedHTMLProps<HTMLAttributes<HTMLSpanElement>, HTMLSpanElement>'.
  Property 'class' does not exist on type 'DetailedHTMLProps<HTMLAttributes<HTMLSpanElement>, HTMLSpanElement>'. Did you mean 'className'?

[7m52[0m         <span class="px-3 py-1 bg-zinc-100 text-zinc-600 rounded-full text-xs font-bold uppercase tracking-wider">WebP</span>
[7m  [0m [91m              ~~~~~[0m
[96msrc/components/ui/Dropzone.tsx[0m:[93m51[0m:[93m15[0m - [91merror[0m[90m ts(2322): [0mType '{ children: string; class: string; }' is not assignable to type 'DetailedHTMLProps<HTMLAttributes<HTMLSpanElement>, HTMLSpanElement>'.
  Property 'class' does not exist on type 'DetailedHTMLProps<HTMLAttributes<HTMLSpanElement>, HTMLSpanElement>'. Did you mean 'className'?

[7m51[0m         <span class="px-3 py-1 bg-zinc-100 text-zinc-600 rounded-full text-xs font-bold uppercase tracking-wider">PNG</span>
[7m  [0m [91m              ~~~~~[0m
[96msrc/components/ui/Dropzone.tsx[0m:[93m50[0m:[93m15[0m - [91merror[0m[90m ts(2322): [0mType '{ children: string; class: string; }' is not assignable to type 'DetailedHTMLProps<HTMLAttributes<HTMLSpanElement>, HTMLSpanElement>'.
  Property 'class' does not exist on type 'DetailedHTMLProps<HTMLAttributes<HTMLSpanElement>, HTMLSpanElement>'. Did you mean 'className'?

[7m50[0m         <span class="px-3 py-1 bg-zinc-100 text-zinc-600 rounded-full text-xs font-bold uppercase tracking-wider">JPG</span>
[7m  [0m [91m              ~~~~~[0m
[96msrc/components/ui/Dropzone.tsx[0m:[93m49[0m:[93m12[0m - [91merror[0m[90m ts(2322): [0mType '{ children: Element[]; class: string; }' is not assignable to type 'DetailedHTMLProps<HTMLAttributes<HTMLDivElement>, HTMLDivElement>'.
  Property 'class' does not exist on type 'DetailedHTMLProps<HTMLAttributes<HTMLDivElement>, HTMLDivElement>'. Did you mean 'className'?

[7m49[0m       <div class="mt-8 flex flex-wrap justify-center gap-3">
[7m  [0m [91m           ~~~~~[0m
[96msrc/components/ui/Dropzone.tsx[0m:[93m45[0m:[93m10[0m - [91merror[0m[90m ts(2322): [0mType '{ children: string; class: string; }' is not assignable to type 'DetailedHTMLProps<HTMLAttributes<HTMLParagraphElement>, HTMLParagraphElement>'.
  Property 'class' does not exist on type 'DetailedHTMLProps<HTMLAttributes<HTMLParagraphElement>, HTMLParagraphElement>'. Did you mean 'className'?

[7m45[0m       <p class="text-zinc-500 text-sm text-center max-w-xs">
[7m  [0m [91m         ~~~~~[0m
[96msrc/components/ui/Dropzone.tsx[0m:[93m44[0m:[93m11[0m - [91merror[0m[90m ts(2322): [0mType '{ children: string; class: string; }' is not assignable to type 'DetailedHTMLProps<HTMLAttributes<HTMLHeadingElement>, HTMLHeadingElement>'.
  Property 'class' does not exist on type 'DetailedHTMLProps<HTMLAttributes<HTMLHeadingElement>, HTMLHeadingElement>'. Did you mean 'className'?

[7m44[0m       <h3 class="text-xl font-bold text-zinc-900 mb-2 font-outfit">Click or drag files to upload</h3>
[7m  [0m [91m          ~~~~~[0m
[96msrc/components/ui/Dropzone.tsx[0m:[93m2[0m:[93m24[0m - [93mwarning[0m[90m ts(6133): [0m'X' is declared but its value is never read.

[7m2[0m import { Upload, File, X } from 'lucide-react';
[7m [0m [93m                       ~[0m
[96msrc/components/ui/Dropzone.tsx[0m:[93m2[0m:[93m18[0m - [93mwarning[0m[90m ts(6133): [0m'File' is declared but its value is never read.

[7m2[0m import { Upload, File, X } from 'lucide-react';
[7m [0m [93m                 ~~~~[0m

[96msrc/components/ui/ToolCard.astro[0m:[93m56[0m:[93m26[0m - [91merror[0m[90m ts(2322): [0mType '{ size: number; class: string; }' is not assignable to type 'IntrinsicAttributes & Omit<LucideProps, "ref"> & RefAttributes<SVGSVGElement>'.
  Property 'class' does not exist on type 'IntrinsicAttributes & Omit<LucideProps, "ref"> & RefAttributes<SVGSVGElement>'. Did you mean 'className'?

[7m56[0m    <ArrowRight size={14} class="transition-transform group-hover:translate-x-1" />
[7m  [0m [91m                         ~~~~~[0m
[96msrc/components/ui/ToolCard.astro[0m:[93m18[0m:[93m7[0m - [93mwarning[0m[90m ts(6133): [0m'colorClasses' is declared but its value is never read.

[7m18[0m const colorClasses = {
[7m  [0m [93m      ~~~~~~~~~~~~[0m

[96msrc/layouts/BaseLayout.astro[0m:[93m29[0m:[93m25[0m - [91merror[0m[90m ts(2322): [0mType '{ rel: string; content: string; }' is not assignable to type 'LinkHTMLAttributes'.
  Property 'content' does not exist on type 'LinkHTMLAttributes'.

[7m29[0m   <link rel="generator" content={Astro.generator} />
[7m  [0m [91m                        ~~~~~~~[0m

[96msrc/layouts/ToolLayout.astro[0m:[93m17[0m:[93m41[0m - [91merror[0m[90m ts(2551): [0mProperty 'render' does not exist on type '{ id: string; body?: string | undefined; collection: "guides"; data: { title: string; description: string; category: string; toolId: string; publishDate?: Date | undefined; image?: string | undefined; }; rendered?: RenderedContent | undefined; filePath?: string | undefined; }'. Did you mean 'rendered'?

[7m17[0m const { Content } = guide ? await guide.render() : { Content: null };
[7m  [0m [91m                                        ~~~~~~[0m

[96msrc/pages/index.astro[0m:[93m220[0m:[93m123[0m - [91merror[0m[90m ts(2304): [0mCannot find name 't'.

[7m220[0m       <div class="text-xs font-bold uppercase tracking-wider text-zinc-400 group-hover:text-zinc-900 transition-colors">${t('recent.tag')}</div>
[7m   [0m [91m                                                                                                                          ~[0m

[96msrc/pages/blog/[...slug].astro[0m:[93m4[0m:[93m20[0m - [93mwarning[0m[90m ts(6133): [0m'Calendar' is declared but its value is never read.

[7m4[0m import { BookOpen, Calendar, ArrowLeft } from 'lucide-react';
[7m [0m [93m                   ~~~~~~~~[0m

[96msrc/pages/blog/index.astro[0m:[93m45[0m:[93m25[0m - [91merror[0m[90m ts(2322): [0mType '{ size: number; class: string; }' is not assignable to type 'IntrinsicAttributes & Omit<LucideProps, "ref"> & RefAttributes<SVGSVGElement>'.
  Property 'class' does not exist on type 'IntrinsicAttributes & Omit<LucideProps, "ref"> & RefAttributes<SVGSVGElement>'. Did you mean 'className'?

[7m45[0m     <BookOpen size={48} class="mx-auto text-zinc-300 mb-4" />
[7m  [0m [91m                        ~~~~~[0m
[96msrc/pages/blog/index.astro[0m:[93m37[0m:[93m29[0m - [91merror[0m[90m ts(2322): [0mType '{ size: number; class: string; }' is not assignable to type 'IntrinsicAttributes & Omit<LucideProps, "ref"> & RefAttributes<SVGSVGElement>'.
  Property 'class' does not exist on type 'IntrinsicAttributes & Omit<LucideProps, "ref"> & RefAttributes<SVGSVGElement>'. Did you mean 'className'?

[7m37[0m       <ArrowRight size={16} class="transition-transform group-hover:translate-x-2" />
[7m  [0m [91m                            ~~~~~[0m

[96msrc/pages/dev/base64.astro[0m:[93m24[0m:[93m32[0m - [91merror[0m[90m ts(2322): [0mType '{ size: number; class: string; }' is not assignable to type 'IntrinsicAttributes & Omit<LucideProps, "ref"> & RefAttributes<SVGSVGElement>'.
  Property 'class' does not exist on type 'IntrinsicAttributes & Omit<LucideProps, "ref"> & RefAttributes<SVGSVGElement>'. Did you mean 'className'?

[7m24[0m      <ArrowLeftRight size={24} class="rotate-90 lg:rotate-0" />
[7m  [0m [91m                               ~~~~~[0m
[96msrc/pages/dev/base64.astro[0m:[93m3[0m:[93m22[0m - [93mwarning[0m[90m ts(6133): [0m'RefreshCw' is declared but its value is never read.

[7m3[0m import { Code, Copy, RefreshCw, ArrowLeftRight } from 'lucide-react';
[7m [0m [93m                     ~~~~~~~~~[0m
[96msrc/pages/dev/base64.astro[0m:[93m3[0m:[93m16[0m - [93mwarning[0m[90m ts(6133): [0m'Copy' is declared but its value is never read.

[7m3[0m import { Code, Copy, RefreshCw, ArrowLeftRight } from 'lucide-react';
[7m [0m [93m               ~~~~[0m
[96msrc/pages/dev/base64.astro[0m:[93m3[0m:[93m10[0m - [93mwarning[0m[90m ts(6133): [0m'Code' is declared but its value is never read.

[7m3[0m import { Code, Copy, RefreshCw, ArrowLeftRight } from 'lucide-react';
[7m [0m [93m         ~~~~[0m
[96msrc/pages/dev/base64.astro[0m:[93m71[0m:[93m41[0m - [93mwarning[0m[90m ts(6387): [0mThe signature '(string: string): string' of 'escape' is deprecated.

[7m71[0m    plainText.value = decodeURIComponent(escape(atob(base64Text.value)));
[7m  [0m [93m                                        ~~~~~~[0m
[96msrc/pages/dev/base64.astro[0m:[93m63[0m:[93m28[0m - [93mwarning[0m[90m ts(6387): [0mThe signature '(string: string): string' of 'unescape' is deprecated.

[7m63[0m    base64Text.value = btoa(unescape(encodeURIComponent(plainText.value)));
[7m  [0m [93m                           ~~~~~~~~[0m
[96msrc/pages/dev/base64.astro[0m:[93m58[0m:[93m8[0m - [93mwarning[0m[90m ts(6133): [0m'encodeBtn' is declared but its value is never read.

[7m58[0m  const encodeBtn = document.getElementById('encode-btn');
[7m  [0m [93m       ~~~~~~~~~[0m

[96msrc/pages/dev/json-formatter.astro[0m:[93m3[0m:[93m10[0m - [93mwarning[0m[90m ts(6133): [0m'FileJson' is declared but its value is never read.

[7m3[0m import { FileJson, Copy, Trash2, AlignLeft, Minimize2 } from 'lucide-react';
[7m [0m [93m         ~~~~~~~~[0m
[96msrc/pages/dev/json-formatter.astro[0m:[93m100[0m:[93m12[0m - [93mwarning[0m[90m ts(6387): [0mThe signature '(commandId: string, showUI?: boolean | undefined, value?: string | undefined): boolean' of 'document.execCommand' is deprecated.

[7m100[0m   document.execCommand('copy');
[7m   [0m [93m           ~~~~~~~~~~~[0m

[96msrc/pages/dev/password-generator.astro[0m:[93m84[0m:[93m44[0m - [91merror[0m[90m ts(2322): [0mType '{ size: number; class: string; }' is not assignable to type 'IntrinsicAttributes & Omit<LucideProps, "ref"> & RefAttributes<SVGSVGElement>'.
  Property 'class' does not exist on type 'IntrinsicAttributes & Omit<LucideProps, "ref"> & RefAttributes<SVGSVGElement>'. Did you mean 'className'?

[7m84[0m       <div class="mt-0.5"><Check size={14} class="text-emerald-500" /></div>
[7m  [0m [91m                                           ~~~~~[0m
[96msrc/pages/dev/password-generator.astro[0m:[93m80[0m:[93m44[0m - [91merror[0m[90m ts(2322): [0mType '{ size: number; class: string; }' is not assignable to type 'IntrinsicAttributes & Omit<LucideProps, "ref"> & RefAttributes<SVGSVGElement>'.
  Property 'class' does not exist on type 'IntrinsicAttributes & Omit<LucideProps, "ref"> & RefAttributes<SVGSVGElement>'. Did you mean 'className'?

[7m80[0m       <div class="mt-0.5"><Check size={14} class="text-emerald-500" /></div>
[7m  [0m [91m                                           ~~~~~[0m
[96msrc/pages/dev/password-generator.astro[0m:[93m76[0m:[93m44[0m - [91merror[0m[90m ts(2322): [0mType '{ size: number; class: string; }' is not assignable to type 'IntrinsicAttributes & Omit<LucideProps, "ref"> & RefAttributes<SVGSVGElement>'.
  Property 'class' does not exist on type 'IntrinsicAttributes & Omit<LucideProps, "ref"> & RefAttributes<SVGSVGElement>'. Did you mean 'className'?

[7m76[0m       <div class="mt-0.5"><Check size={14} class="text-emerald-500" /></div>
[7m  [0m [91m                                           ~~~~~[0m
[96msrc/pages/dev/password-generator.astro[0m:[93m3[0m:[93m40[0m - [93mwarning[0m[90m ts(6133): [0m'X' is declared but its value is never read.

[7m3[0m import { Lock, Copy, RefreshCw, Check, X } from 'lucide-react';
[7m [0m [93m                                       ~[0m
[96msrc/pages/dev/password-generator.astro[0m:[93m3[0m:[93m10[0m - [93mwarning[0m[90m ts(6133): [0m'Lock' is declared but its value is never read.

[7m3[0m import { Lock, Copy, RefreshCw, Check, X } from 'lucide-react';
[7m [0m [93m         ~~~~[0m

[96msrc/pages/dev/url-tool.astro[0m:[93m24[0m:[93m32[0m - [91merror[0m[90m ts(2322): [0mType '{ size: number; class: string; }' is not assignable to type 'IntrinsicAttributes & Omit<LucideProps, "ref"> & RefAttributes<SVGSVGElement>'.
  Property 'class' does not exist on type 'IntrinsicAttributes & Omit<LucideProps, "ref"> & RefAttributes<SVGSVGElement>'. Did you mean 'className'?

[7m24[0m      <ArrowLeftRight size={24} class="rotate-90 lg:rotate-0" />
[7m  [0m [91m                               ~~~~~[0m
[96msrc/pages/dev/url-tool.astro[0m:[93m3[0m:[93m16[0m - [93mwarning[0m[90m ts(6133): [0m'Copy' is declared but its value is never read.

[7m3[0m import { Link, Copy, ArrowLeftRight } from 'lucide-react';
[7m [0m [93m               ~~~~[0m
[96msrc/pages/dev/url-tool.astro[0m:[93m3[0m:[93m10[0m - [93mwarning[0m[90m ts(6133): [0m'Link' is declared but its value is never read.

[7m3[0m import { Link, Copy, ArrowLeftRight } from 'lucide-react';
[7m [0m [93m         ~~~~[0m

[96msrc/pages/dev/uuid-generator.astro[0m:[93m3[0m:[93m40[0m - [93mwarning[0m[90m ts(6133): [0m'List' is declared but its value is never read.

[7m3[0m import { Fingerprint, Copy, RefreshCw, List } from 'lucide-react';
[7m [0m [93m                                       ~~~~[0m
[96msrc/pages/dev/uuid-generator.astro[0m:[93m3[0m:[93m10[0m - [93mwarning[0m[90m ts(6133): [0m'Fingerprint' is declared but its value is never read.

[7m3[0m import { Fingerprint, Copy, RefreshCw, List } from 'lucide-react';
[7m [0m [93m         ~~~~~~~~~~~[0m
[96msrc/pages/dev/uuid-generator.astro[0m:[93m84[0m:[93m12[0m - [93mwarning[0m[90m ts(6387): [0mThe signature '(commandId: string, showUI?: boolean | undefined, value?: string | undefined): boolean' of 'document.execCommand' is deprecated.

[7m84[0m   document.execCommand('copy');
[7m  [0m [93m           ~~~~~~~~~~~[0m

[96msrc/pages/text/case-converter.astro[0m:[93m3[0m:[93m10[0m - [93mwarning[0m[90m ts(6133): [0m'Type' is declared but its value is never read.

[7m3[0m import { Type, Copy, Trash2 } from 'lucide-react';
[7m [0m [93m         ~~~~[0m
[96msrc/pages/text/case-converter.astro[0m:[93m96[0m:[93m12[0m - [93mwarning[0m[90m ts(6387): [0mThe signature '(commandId: string, showUI?: boolean | undefined, value?: string | undefined): boolean' of 'document.execCommand' is deprecated.

[7m96[0m   document.execCommand('copy');
[7m  [0m [93m           ~~~~~~~~~~~[0m
[96msrc/pages/text/case-converter.astro[0m:[93m62[0m:[93m75[0m - [93mwarning[0m[90m ts(6387): [0mThe signature '(from: number, length?: number | undefined): string' of 'txt.substr' is deprecated.

[7m62[0m   return str.replace(/\w\S*/g, (txt) => txt.charAt(0).toUpperCase() + txt.substr(1).toLowerCase());
[7m  [0m [93m                                                                          ~~~~~~[0m

[96msrc/pages/text/lorem-ipsum.astro[0m:[93m3[0m:[93m10[0m - [93mwarning[0m[90m ts(6133): [0m'StickyNote' is declared but its value is never read.

[7m3[0m import { StickyNote, Copy, RefreshCw } from 'lucide-react';
[7m [0m [93m         ~~~~~~~~~~[0m
[96msrc/pages/text/lorem-ipsum.astro[0m:[93m104[0m:[93m12[0m - [93mwarning[0m[90m ts(6387): [0mThe signature '(commandId: string, showUI?: boolean | undefined, value?: string | undefined): boolean' of 'document.execCommand' is deprecated.

[7m104[0m   document.execCommand('copy');
[7m   [0m [93m           ~~~~~~~~~~~[0m

[96msrc/pages/text/word-counter.astro[0m:[93m3[0m:[93m10[0m - [93mwarning[0m[90m ts(6133): [0m'Hash' is declared but its value is never read.

[7m3[0m import { Hash, Copy, Trash2 } from 'lucide-react';
[7m [0m [93m         ~~~~[0m
[96msrc/pages/text/word-counter.astro[0m:[93m104[0m:[93m12[0m - [93mwarning[0m[90m ts(6387): [0mThe signature '(commandId: string, showUI?: boolean | undefined, value?: string | undefined): boolean' of 'document.execCommand' is deprecated.

[7m104[0m   document.execCommand('copy');
[7m   [0m [93m           ~~~~~~~~~~~[0m

Result (49 files): 
- 30 errors
- 0 warnings
- 70 hints

